// Jest Snapshot v1, https://goo.gl/fbAQLP

exports[`AppBar.vue AppBar renders the same HTML 1`] = `
<v-app-bar-stub height="64" tag="header" tile="true" extensionHeight="48" src="" value="true" app="true">
  <v-app-bar-nav-icon-stub class="hidden-md-and-up"></v-app-bar-nav-icon-stub>
  <v-toolbar-title-stub class="headline text-uppercase hidden-xs-only">
    <v-flex-stub tag="div" class="d-flex align-center">
      <v-img-stub height="64" position="center center" src="" transition="fade-transition" class="hidden-sm-and-down"></v-img-stub> <span>GitHubÂ </span> <span class="font-weight-light">PERSONAS</span>
    </v-flex-stub>
  </v-toolbar-title-stub>
  <v-spacer-stub class="hidden-xs-only"></v-spacer-stub>
  <v-text-field-stub errorCount="1" errorMessages="" messages="" rules="function () {
        return fn.apply(this, arguments);
      }" successMessages="" value="" backgroundColor="" hideDetails="true" label="Search by Username" prependIcon="mdi-account-search" loaderHeight="2" clearIcon="$vuetify.icons.clear" type="input" maxlength="39" data-test="searchFieldTest"></v-text-field-stub>
</v-app-bar-stub>
`;
